

================================================================
== Synthesis Summary Report of 'real_matmul'
================================================================
+ General Information: 
    * Date:           Sat Sep 28 22:16:48 2024
    * Version:        2024.1 (Build 5069499 on May 21 2024)
    * Project:        build_hls
    * Solution:       hls (Vitis Kernel Flow Target)
    * Product family: virtexuplus
    * Target device:  xcu250-figd2104-2L-e
    

+ Performance & Resource Estimates: 
    
    PS: '+' for module; 'o' for loop; '*' for dataflow
    +---------------------------------------------------------+------+------+---------+-----------+----------+---------+-------+----------+----------+----------+------------+------------+-----+
    |                         Modules                         | Issue|      | Latency |  Latency  | Iteration|         |  Trip |          |          |          |            |            |     |
    |                         & Loops                         | Type | Slack| (cycles)|    (ns)   |  Latency | Interval| Count | Pipelined|   BRAM   |    DSP   |     FF     |     LUT    | URAM|
    +---------------------------------------------------------+------+------+---------+-----------+----------+---------+-------+----------+----------+----------+------------+------------+-----+
    |+ real_matmul                                            |     -|  0.00|    90165|  7.213e+05|         -|    90166|      -|        no|  178 (3%)|  154 (1%)|  6109 (~0%)|  22254 (1%)|    -|
    | + real_matmul_Pipeline_MAT_A_ROWS_MAT_A_COLS            |     -|  0.00|    15077|  1.206e+05|         -|    15077|      -|        no|         -|   1 (~0%)|   942 (~0%)|   930 (~0%)|    -|
    |  o MAT_A_ROWS_MAT_A_COLS                                |     -|  7.04|    15075|  1.206e+05|        77|        1|  15000|       yes|         -|         -|           -|           -|    -|
    | + real_matmul_Pipeline_MAT_C_ROWS_INIT_MAT_C_COLS_INIT  |     -|  4.55|    20004|  1.600e+05|         -|    20004|      -|        no|         -|   1 (~0%)|    53 (~0%)|   177 (~0%)|    -|
    |  o MAT_C_ROWS_INIT_MAT_C_COLS_INIT                      |     -|  7.04|    20002|  1.600e+05|         4|        1|  20000|       yes|         -|         -|           -|           -|    -|
    | + real_matmul_Pipeline_MAT_B_ROWS_MAT_B_COLS            |     -|  0.00|    30003|  2.400e+05|         -|    30003|      -|        no|         -|         -|   298 (~0%)|   326 (~0%)|    -|
    |  o MAT_B_ROWS_MAT_B_COLS                                |     -|  7.04|    30001|  2.400e+05|         3|        1|  30000|       yes|         -|         -|           -|           -|    -|
    | + real_matmul_Pipeline_OUTER_ROWS_OUTER_COLS            |     -|  0.99|    20006|  1.600e+05|         -|    20006|      -|        no|         -|  151 (1%)|   230 (~0%)|  1711 (~0%)|    -|
    |  o OUTER_ROWS_OUTER_COLS                                |     -|  7.04|    20004|  1.600e+05|         6|        1|  20000|       yes|         -|         -|           -|           -|    -|
    | + real_matmul_Pipeline_MAT_C_ROWS_MAT_C_COLS            |     -|  0.00|    20006|  1.600e+05|         -|    20006|      -|        no|         -|   1 (~0%)|   427 (~0%)|   489 (~0%)|    -|
    |  o MAT_C_ROWS_MAT_C_COLS                                |     -|  7.04|    20004|  1.600e+05|         6|        1|  20000|       yes|         -|         -|           -|           -|    -|
    +---------------------------------------------------------+------+------+---------+-----------+----------+---------+-------+----------+----------+----------+------------+------------+-----+


================================================================
== HW Interfaces
================================================================
* M_AXI
+-----------+------------+------------+---------------+---------+--------+----------+-----------+--------------+--------------+-------------+-------------+-------------------+
| Interface | Read/Write | Data Width | Address Width | Latency | Offset | Register | Max Widen | Max Read     | Max Write    | Num Read    | Num Write   | Resource Estimate |
|           |            | (SW->HW)   |               |         |        |          | Bitwidth  | Burst Length | Burst Length | Outstanding | Outstanding |                   |
+-----------+------------+------------+---------------+---------+--------+----------+-----------+--------------+--------------+-------------+-------------+-------------------+
| m_axi_mem | READ_WRITE | 16 -> 128  | 64            | 64      | slave  | 0        | 512       | 16           | 16           | 16          | 16          | BRAM=8            |
+-----------+------------+------------+---------------+---------+--------+----------+-----------+--------------+--------------+-------------+-------------+-------------------+

* S_AXILITE Interfaces
+---------------+------------+---------------+--------+----------+
| Interface     | Data Width | Address Width | Offset | Register |
+---------------+------------+---------------+--------+----------+
| s_axi_control | 32         | 6             | 16     | 0        |
+---------------+------------+---------------+--------+----------+

* S_AXILITE Registers
+---------------+-------------+--------+-------+--------+----------------------------------+------------------------------------------------------------------------------------+
| Interface     | Register    | Offset | Width | Access | Description                      | Bit Fields                                                                         |
+---------------+-------------+--------+-------+--------+----------------------------------+------------------------------------------------------------------------------------+
| s_axi_control | CTRL        | 0x00   | 32    | RW     | Control signals                  | 0=AP_START 1=AP_DONE 2=AP_IDLE 3=AP_READY 4=AP_CONTINUE 7=AUTO_RESTART 9=INTERRUPT |
| s_axi_control | GIER        | 0x04   | 32    | RW     | Global Interrupt Enable Register | 0=Enable                                                                           |
| s_axi_control | IP_IER      | 0x08   | 32    | RW     | IP Interrupt Enable Register     | 0=CHAN0_INT_EN 1=CHAN1_INT_EN                                                      |
| s_axi_control | IP_ISR      | 0x0c   | 32    | RW     | IP Interrupt Status Register     | 0=CHAN0_INT_ST 1=CHAN1_INT_ST                                                      |
| s_axi_control | MatA_DRAM_1 | 0x10   | 32    | W      | Data signal of MatA_DRAM         |                                                                                    |
| s_axi_control | MatA_DRAM_2 | 0x14   | 32    | W      | Data signal of MatA_DRAM         |                                                                                    |
| s_axi_control | MatB_DRAM_1 | 0x1c   | 32    | W      | Data signal of MatB_DRAM         |                                                                                    |
| s_axi_control | MatB_DRAM_2 | 0x20   | 32    | W      | Data signal of MatB_DRAM         |                                                                                    |
| s_axi_control | MatC_DRAM_1 | 0x28   | 32    | W      | Data signal of MatC_DRAM         |                                                                                    |
| s_axi_control | MatC_DRAM_2 | 0x2c   | 32    | W      | Data signal of MatC_DRAM         |                                                                                    |
+---------------+-------------+--------+-------+--------+----------------------------------+------------------------------------------------------------------------------------+

* TOP LEVEL CONTROL
+-----------+---------------+-----------+
| Interface | Type          | Ports     |
+-----------+---------------+-----------+
| ap_clk    | clock         | ap_clk    |
| ap_rst_n  | reset         | ap_rst_n  |
| interrupt | interrupt     | interrupt |
| ap_ctrl   | ap_ctrl_chain |           |
+-----------+---------------+-----------+


================================================================
== SW I/O Information
================================================================
* Top Function Arguments
+-----------+-----------+-------------+
| Argument  | Direction | Datatype    |
+-----------+-----------+-------------+
| MatA_DRAM | inout     | ap_int<16>* |
| MatB_DRAM | inout     | ap_int<16>* |
| MatC_DRAM | inout     | ap_int<16>* |
+-----------+-----------+-------------+

* SW-to-HW Mapping
+-----------+---------------+-----------+----------+---------------------------------------+
| Argument  | HW Interface  | HW Type   | HW Usage | HW Info                               |
+-----------+---------------+-----------+----------+---------------------------------------+
| MatA_DRAM | m_axi_mem     | interface |          | channel=0                             |
| MatA_DRAM | s_axi_control | register  | offset   | name=MatA_DRAM_1 offset=0x10 range=32 |
| MatA_DRAM | s_axi_control | register  | offset   | name=MatA_DRAM_2 offset=0x14 range=32 |
| MatB_DRAM | m_axi_mem     | interface |          | channel=0                             |
| MatB_DRAM | s_axi_control | register  | offset   | name=MatB_DRAM_1 offset=0x1c range=32 |
| MatB_DRAM | s_axi_control | register  | offset   | name=MatB_DRAM_2 offset=0x20 range=32 |
| MatC_DRAM | m_axi_mem     | interface |          | channel=0                             |
| MatC_DRAM | s_axi_control | register  | offset   | name=MatC_DRAM_1 offset=0x28 range=32 |
| MatC_DRAM | s_axi_control | register  | offset   | name=MatC_DRAM_2 offset=0x2c range=32 |
+-----------+---------------+-----------+----------+---------------------------------------+


================================================================
== M_AXI Burst Information
================================================================
 Note: All burst requests might be further partitioned into multiple requests during RTL generation based on max_read_burst_length or max_write_burst_length settings.

* Inferred Burst Summary
+--------------+-----------+--------+-------+
| HW Interface | Direction | Length | Width |
+--------------+-----------+--------+-------+
| m_axi_mem    | read      | 3750   | 128   |
| m_axi_mem    | write     | 2500   | 128   |
+--------------+-----------+--------+-------+

* All M_AXI Variable Accesses
+--------------+-----------+---------------------------+-----------+--------------+--------+------------+--------------------------+
| HW Interface | Variable  | Access Location           | Direction | Burst Status | Length | Loop       | Loop Location            |
+--------------+-----------+---------------------------+-----------+--------------+--------+------------+--------------------------+
| m_axi_mem    | MatA_DRAM | src/real_matmul.cpp:30:24 | read      | Widened      | 7500   | MAT_A_COLS | src/real_matmul.cpp:29:9 |
| m_axi_mem    | MatA_DRAM | src/real_matmul.cpp:30:24 | read      | Inferred     | 15000  | MAT_A_ROWS | src/real_matmul.cpp:27:5 |
| m_axi_mem    | MatB_DRAM | src/real_matmul.cpp:39:24 | read      | Widened      | 3750   | MAT_B_COLS | src/real_matmul.cpp:38:9 |
| m_axi_mem    | MatB_DRAM | src/real_matmul.cpp:39:24 | read      | Inferred     | 30000  | MAT_B_ROWS | src/real_matmul.cpp:36:5 |
| m_axi_mem    | MatC_DRAM | src/real_matmul.cpp:71:29 | write     | Widened      | 2500   | MAT_C_COLS | src/real_matmul.cpp:70:9 |
| m_axi_mem    | MatC_DRAM | src/real_matmul.cpp:71:29 | write     | Inferred     | 20000  | MAT_C_ROWS | src/real_matmul.cpp:68:5 |
+--------------+-----------+---------------------------+-----------+--------------+--------+------------+--------------------------+


================================================================
== Bind Op Report
================================================================
+---------------------------------------------------------+-----+--------+---------------+--------+-----------+---------+
| Name                                                    | DSP | Pragma | Variable      | Op     | Impl      | Latency |
+---------------------------------------------------------+-----+--------+---------------+--------+-----------+---------+
| + real_matmul                                           | 154 |        |               |        |           |         |
|  + real_matmul_Pipeline_MAT_A_ROWS_MAT_A_COLS           | 1   |        |               |        |           |         |
|    icmp_ln27_fu_2698_p2                                 |     |        | icmp_ln27     | seteq  | auto      | 0       |
|    add_ln27_1_fu_2704_p2                                |     |        | add_ln27_1    | add    | fabric    | 0       |
|    add_ln27_fu_2716_p2                                  |     |        | add_ln27      | add    | fabric    | 0       |
|    icmp_ln29_fu_2722_p2                                 |     |        | icmp_ln29     | seteq  | auto      | 0       |
|    select_ln27_fu_2728_p3                               |     |        | select_ln27   | select | auto_sel  | 0       |
|    select_ln27_1_fu_2828_p3                             |     |        | select_ln27_1 | select | auto_sel  | 0       |
|    select_ln27_2_fu_2736_p3                             |     |        | select_ln27_2 | select | auto_sel  | 0       |
|    mac_muladd_8ns_7ns_8ns_14_4_1_U1                     | 1   |        | mul_ln29      | mul    | dsp_slice | 3       |
|    mac_muladd_8ns_7ns_8ns_14_4_1_U1                     | 1   |        | add_ln30      | add    | dsp_slice | 3       |
|    add_ln30_1_fu_2796_p2                                |     |        | add_ln30_1    | add    | fabric    | 0       |
|    lshr_ln30_fu_3004_p2                                 |     |        | lshr_ln30     | lshr   | auto_pipe | 0       |
|    add_ln29_fu_2748_p2                                  |     |        | add_ln29      | add    | fabric    | 0       |
|  + real_matmul_Pipeline_MAT_C_ROWS_INIT_MAT_C_COLS_INIT | 1   |        |               |        |           |         |
|    icmp_ln45_fu_86_p2                                   |     |        | icmp_ln45     | seteq  | auto      | 0       |
|    add_ln45_1_fu_92_p2                                  |     |        | add_ln45_1    | add    | fabric    | 0       |
|    add_ln45_fu_104_p2                                   |     |        | add_ln45      | add    | fabric    | 0       |
|    icmp_ln47_fu_110_p2                                  |     |        | icmp_ln47     | seteq  | auto      | 0       |
|    select_ln45_fu_116_p3                                |     |        | select_ln45   | select | auto_sel  | 0       |
|    select_ln45_1_fu_124_p3                              |     |        | select_ln45_1 | select | auto_sel  | 0       |
|    mac_muladd_8ns_7ns_8ns_15_4_1_U307                   | 1   |        | mul_ln48      | mul    | dsp_slice | 3       |
|    mac_muladd_8ns_7ns_8ns_15_4_1_U307                   | 1   |        | add_ln48      | add    | dsp_slice | 3       |
|    add_ln47_fu_136_p2                                   |     |        | add_ln47      | add    | fabric    | 0       |
|  + real_matmul_Pipeline_MAT_B_ROWS_MAT_B_COLS           | 0   |        |               |        |           |         |
|    icmp_ln36_fu_2669_p2                                 |     |        | icmp_ln36     | seteq  | auto      | 0       |
|    add_ln36_1_fu_2675_p2                                |     |        | add_ln36_1    | add    | fabric    | 0       |
|    add_ln36_fu_2736_p2                                  |     |        | add_ln36      | add    | fabric    | 0       |
|    icmp_ln38_fu_2684_p2                                 |     |        | icmp_ln38     | seteq  | auto      | 0       |
|    select_ln36_fu_2690_p3                               |     |        | select_ln36   | select | auto_sel  | 0       |
|    select_ln36_1_fu_2742_p3                             |     |        | select_ln36_1 | select | auto_sel  | 0       |
|    select_ln36_2_fu_2749_p3                             |     |        | select_ln36_2 | select | auto_sel  | 0       |
|    icmp_ln39_fu_2702_p2                                 |     |        | icmp_ln39     | seteq  | auto      | 0       |
|    add_ln38_fu_2708_p2                                  |     |        | add_ln38      | add    | fabric    | 0       |
|  + real_matmul_Pipeline_OUTER_ROWS_OUTER_COLS           | 151 |        |               |        |           |         |
|    icmp_ln54_fu_4585_p2                                 |     |        | icmp_ln54     | seteq  | auto      | 0       |
|    add_ln54_1_fu_4591_p2                                |     |        | add_ln54_1    | add    | fabric    | 0       |
|    add_ln54_fu_4603_p2                                  |     |        | add_ln54      | add    | fabric    | 0       |
|    icmp_ln56_fu_4609_p2                                 |     |        | icmp_ln56     | seteq  | auto      | 0       |
|    select_ln54_fu_4615_p3                               |     |        | select_ln54   | select | auto_sel  | 0       |
|    select_ln54_1_fu_4623_p3                             |     |        | select_ln54_1 | select | auto_sel  | 0       |
|    mac_muladd_8ns_7ns_8ns_15_4_1_U373                   | 1   |        | empty         | mul    | dsp_slice | 3       |
|    mac_muladd_8ns_7ns_8ns_15_4_1_U373                   | 1   |        | empty_23      | add    | dsp_slice | 3       |
|    mul_16s_16s_16_1_1_U333                              | 1   |        | mul_ln60      | mul    | auto      | 0       |
|    mac_muladd_16s_16s_16ns_16_4_1_U397                  | 1   |        | mul_ln60_1    | mul    | dsp_slice | 3       |
|    mul_16s_16s_16_1_1_U310                              | 1   |        | mul_ln60_2    | mul    | auto      | 0       |
|    mul_16s_16s_16_1_1_U311                              | 1   |        | mul_ln60_3    | mul    | auto      | 0       |
|    mac_muladd_16s_16s_16ns_16_4_1_U398                  | 1   |        | mul_ln60_4    | mul    | dsp_slice | 3       |
|    mac_muladd_16s_16s_16ns_16_4_1_U399                  | 1   |        | mul_ln60_5    | mul    | dsp_slice | 3       |
|    mul_16s_16s_16_1_1_U312                              | 1   |        | mul_ln60_6    | mul    | auto      | 0       |
|    mac_muladd_16s_16s_16ns_16_4_1_U400                  | 1   |        | mul_ln60_7    | mul    | dsp_slice | 3       |
|    mac_muladd_16s_16s_16ns_16_4_1_U374                  | 1   |        | mul_ln60_8    | mul    | dsp_slice | 3       |
|    mac_muladd_16s_16s_16ns_16_4_1_U401                  | 1   |        | mul_ln60_9    | mul    | dsp_slice | 3       |
|    mul_16s_16s_16_1_1_U334                              | 1   |        | mul_ln60_10   | mul    | auto      | 0       |
|    mac_muladd_16s_16s_16ns_16_4_1_U402                  | 1   |        | mul_ln60_11   | mul    | dsp_slice | 3       |
|    mul_16s_16s_16_1_1_U335                              | 1   |        | mul_ln60_12   | mul    | auto      | 0       |
|    mul_16s_16s_16_1_1_U336                              | 1   |        | mul_ln60_13   | mul    | auto      | 0       |
|    mul_16s_16s_16_1_1_U337                              | 1   |        | mul_ln60_14   | mul    | auto      | 0       |
|    mac_muladd_16s_16s_16ns_16_4_1_U403                  | 1   |        | mul_ln60_15   | mul    | dsp_slice | 3       |
|    mac_muladd_16s_16s_16ns_16_4_1_U375                  | 1   |        | mul_ln60_16   | mul    | dsp_slice | 3       |
|    mul_16s_16s_16_1_1_U313                              | 1   |        | mul_ln60_17   | mul    | auto      | 0       |
|    mac_muladd_16s_16s_16ns_16_4_1_U404                  | 1   |        | mul_ln60_18   | mul    | dsp_slice | 3       |
|    mul_16s_16s_16_1_1_U338                              | 1   |        | mul_ln60_19   | mul    | auto      | 0       |
|    mac_muladd_16s_16s_16ns_16_4_1_U405                  | 1   |        | mul_ln60_20   | mul    | dsp_slice | 3       |
|    mac_muladd_16s_16s_16ns_16_4_1_U376                  | 1   |        | mul_ln60_21   | mul    | dsp_slice | 3       |
|    mac_muladd_16s_16s_16ns_16_4_1_U406                  | 1   |        | mul_ln60_22   | mul    | dsp_slice | 3       |
|    mul_16s_16s_16_1_1_U339                              | 1   |        | mul_ln60_23   | mul    | auto      | 0       |
|    mul_16s_16s_16_1_1_U340                              | 1   |        | mul_ln60_24   | mul    | auto      | 0       |
|    mac_muladd_16s_16s_16ns_16_4_1_U407                  | 1   |        | mul_ln60_25   | mul    | dsp_slice | 3       |
|    mul_16s_16s_16_1_1_U314                              | 1   |        | mul_ln60_26   | mul    | auto      | 0       |
|    mul_16s_16s_16_1_1_U341                              | 1   |        | mul_ln60_27   | mul    | auto      | 0       |
|    mul_16s_16s_16_1_1_U342                              | 1   |        | mul_ln60_28   | mul    | auto      | 0       |
|    mul_16s_16s_16_1_1_U343                              | 1   |        | mul_ln60_29   | mul    | auto      | 0       |
|    mac_muladd_16s_16s_16ns_16_4_1_U408                  | 1   |        | mul_ln60_30   | mul    | dsp_slice | 3       |
|    mac_muladd_16s_16s_16ns_16_4_1_U409                  | 1   |        | mul_ln60_31   | mul    | dsp_slice | 3       |
|    mul_16s_16s_16_1_1_U344                              | 1   |        | mul_ln60_32   | mul    | auto      | 0       |
|    mac_muladd_16s_16s_16ns_16_4_1_U410                  | 1   |        | mul_ln60_33   | mul    | dsp_slice | 3       |
|    mac_muladd_16s_16s_16ns_16_4_1_U411                  | 1   |        | mul_ln60_34   | mul    | dsp_slice | 3       |
|    mac_muladd_16s_16s_16ns_16_4_1_U412                  | 1   |        | mul_ln60_35   | mul    | dsp_slice | 3       |
|    mac_muladd_16s_16s_16ns_16_4_1_U413                  | 1   |        | mul_ln60_36   | mul    | dsp_slice | 3       |
|    mac_muladd_16s_16s_16ns_16_4_1_U377                  | 1   |        | mul_ln60_37   | mul    | dsp_slice | 3       |
|    mac_muladd_16s_16s_16ns_16_4_1_U414                  | 1   |        | mul_ln60_38   | mul    | dsp_slice | 3       |
|    mul_16s_16s_16_1_1_U315                              | 1   |        | mul_ln60_39   | mul    | auto      | 0       |
|    mac_muladd_16s_16s_16ns_16_4_1_U415                  | 1   |        | mul_ln60_40   | mul    | dsp_slice | 3       |
|    mac_muladd_16s_16s_16ns_16_4_1_U416                  | 1   |        | mul_ln60_41   | mul    | dsp_slice | 3       |
|    mul_16s_16s_16_1_1_U316                              | 1   |        | mul_ln60_42   | mul    | auto      | 0       |
|    mac_muladd_16s_16s_16ns_16_4_1_U378                  | 1   |        | mul_ln60_43   | mul    | dsp_slice | 3       |
|    mac_muladd_16s_16s_16ns_16_4_1_U417                  | 1   |        | mul_ln60_44   | mul    | dsp_slice | 3       |
|    mul_16s_16s_16_1_1_U345                              | 1   |        | mul_ln60_45   | mul    | auto      | 0       |
|    mul_16s_16s_16_1_1_U346                              | 1   |        | mul_ln60_46   | mul    | auto      | 0       |
|    mac_muladd_16s_16s_16ns_16_4_1_U418                  | 1   |        | mul_ln60_47   | mul    | dsp_slice | 3       |
|    mac_muladd_16s_16s_16ns_16_4_1_U419                  | 1   |        | mul_ln60_48   | mul    | dsp_slice | 3       |
|    mac_muladd_16s_16s_16ns_16_4_1_U379                  | 1   |        | mul_ln60_49   | mul    | dsp_slice | 3       |
|    mul_16s_16s_16_1_1_U317                              | 1   |        | mul_ln60_50   | mul    | auto      | 0       |
|    mul_16s_16s_16_1_1_U347                              | 1   |        | mul_ln60_51   | mul    | auto      | 0       |
|    mac_muladd_16s_16s_16ns_16_4_1_U380                  | 1   |        | mul_ln60_52   | mul    | dsp_slice | 3       |
|    mac_muladd_16s_16s_16ns_16_4_1_U420                  | 1   |        | mul_ln60_53   | mul    | dsp_slice | 3       |
|    mul_16s_16s_16_1_1_U318                              | 1   |        | mul_ln60_54   | mul    | auto      | 0       |
|    mul_16s_16s_16_1_1_U348                              | 1   |        | mul_ln60_55   | mul    | auto      | 0       |
|    mul_16s_16s_16_1_1_U349                              | 1   |        | mul_ln60_56   | mul    | auto      | 0       |
|    mac_muladd_16s_16s_16ns_16_4_1_U381                  | 1   |        | mul_ln60_57   | mul    | dsp_slice | 3       |
|    mac_muladd_16s_16s_16ns_16_4_1_U382                  | 1   |        | mul_ln60_58   | mul    | dsp_slice | 3       |
|    mac_muladd_16s_16s_16ns_16_4_1_U421                  | 1   |        | mul_ln60_59   | mul    | dsp_slice | 3       |
|    mac_muladd_16s_16s_16ns_16_4_1_U422                  | 1   |        | mul_ln60_60   | mul    | dsp_slice | 3       |
|    mac_muladd_16s_16s_16ns_16_4_1_U423                  | 1   |        | mul_ln60_61   | mul    | dsp_slice | 3       |
|    mul_16s_16s_16_1_1_U350                              | 1   |        | mul_ln60_62   | mul    | auto      | 0       |
|    mul_16s_16s_16_1_1_U351                              | 1   |        | mul_ln60_63   | mul    | auto      | 0       |
|    mul_16s_16s_16_1_1_U319                              | 1   |        | mul_ln60_64   | mul    | auto      | 0       |
|    mac_muladd_16s_16s_16ns_16_4_1_U424                  | 1   |        | mul_ln60_65   | mul    | dsp_slice | 3       |
|    mul_16s_16s_16_1_1_U352                              | 1   |        | mul_ln60_66   | mul    | auto      | 0       |
|    mul_16s_16s_16_1_1_U353                              | 1   |        | mul_ln60_67   | mul    | auto      | 0       |
|    mac_muladd_16s_16s_16ns_16_4_1_U425                  | 1   |        | mul_ln60_68   | mul    | dsp_slice | 3       |
|    mul_16s_16s_16_1_1_U354                              | 1   |        | mul_ln60_69   | mul    | auto      | 0       |
|    mul_16s_16s_16_1_1_U320                              | 1   |        | mul_ln60_70   | mul    | auto      | 0       |
|    mac_muladd_16s_16s_16ns_16_4_1_U426                  | 1   |        | mul_ln60_71   | mul    | dsp_slice | 3       |
|    mac_muladd_16s_16s_16ns_16_4_1_U427                  | 1   |        | mul_ln60_72   | mul    | dsp_slice | 3       |
|    mul_16s_16s_16_1_1_U355                              | 1   |        | mul_ln60_73   | mul    | auto      | 0       |
|    mac_muladd_16s_16s_16ns_16_4_1_U383                  | 1   |        | mul_ln60_74   | mul    | dsp_slice | 3       |
|    mac_muladd_16s_16s_16ns_16_4_1_U384                  | 1   |        | mul_ln60_75   | mul    | dsp_slice | 3       |
|    mul_16s_16s_16_1_1_U356                              | 1   |        | mul_ln60_76   | mul    | auto      | 0       |
|    mul_16s_16s_16_1_1_U357                              | 1   |        | mul_ln60_77   | mul    | auto      | 0       |
|    mac_muladd_16s_16s_16ns_16_4_1_U428                  | 1   |        | mul_ln60_78   | mul    | dsp_slice | 3       |
|    mul_16s_16s_16_1_1_U358                              | 1   |        | mul_ln60_79   | mul    | auto      | 0       |
|    mac_muladd_16s_16s_16ns_16_4_1_U385                  | 1   |        | mul_ln60_80   | mul    | dsp_slice | 3       |
|    mul_16s_16s_16_1_1_U359                              | 1   |        | mul_ln60_81   | mul    | auto      | 0       |
|    mac_muladd_16s_16s_16ns_16_4_1_U429                  | 1   |        | mul_ln60_82   | mul    | dsp_slice | 3       |
|    mac_muladd_16s_16s_16ns_16_4_1_U430                  | 1   |        | mul_ln60_83   | mul    | dsp_slice | 3       |
|    mac_muladd_16s_16s_16ns_16_4_1_U431                  | 1   |        | mul_ln60_84   | mul    | dsp_slice | 3       |
|    mul_16s_16s_16_1_1_U321                              | 1   |        | mul_ln60_85   | mul    | auto      | 0       |
|    mac_muladd_16s_16s_16ns_16_4_1_U432                  | 1   |        | mul_ln60_86   | mul    | dsp_slice | 3       |
|    mac_muladd_16s_16s_16ns_16_4_1_U433                  | 1   |        | mul_ln60_87   | mul    | dsp_slice | 3       |
|    mul_16s_16s_16_1_1_U322                              | 1   |        | mul_ln60_88   | mul    | auto      | 0       |
|    mul_16s_16s_16_1_1_U323                              | 1   |        | mul_ln60_89   | mul    | auto      | 0       |
|    mac_muladd_16s_16s_16ns_16_4_1_U434                  | 1   |        | mul_ln60_90   | mul    | dsp_slice | 3       |
|    mac_muladd_16s_16s_16ns_16_4_1_U435                  | 1   |        | mul_ln60_91   | mul    | dsp_slice | 3       |
|    mul_16s_16s_16_1_1_U360                              | 1   |        | mul_ln60_92   | mul    | auto      | 0       |
|    mac_muladd_16s_16s_16ns_16_4_1_U436                  | 1   |        | mul_ln60_93   | mul    | dsp_slice | 3       |
|    mac_muladd_16s_16s_16ns_16_4_1_U437                  | 1   |        | mul_ln60_94   | mul    | dsp_slice | 3       |
|    mac_muladd_16s_16s_16ns_16_4_1_U438                  | 1   |        | mul_ln60_95   | mul    | dsp_slice | 3       |
|    mac_muladd_16s_16s_16ns_16_4_1_U386                  | 1   |        | mul_ln60_96   | mul    | dsp_slice | 3       |
|    mul_16s_16s_16_1_1_U361                              | 1   |        | mul_ln60_97   | mul    | auto      | 0       |
|    mac_muladd_16s_16s_16ns_16_4_1_U439                  | 1   |        | mul_ln60_98   | mul    | dsp_slice | 3       |
|    mac_muladd_16s_16s_16ns_16_4_1_U440                  | 1   |        | mul_ln60_99   | mul    | dsp_slice | 3       |
|    mul_16s_16s_16_1_1_U324                              | 1   |        | mul_ln60_100  | mul    | auto      | 0       |
|    mac_muladd_16s_16s_16ns_16_4_1_U441                  | 1   |        | mul_ln60_101  | mul    | dsp_slice | 3       |
|    mul_16s_16s_16_1_1_U362                              | 1   |        | mul_ln60_102  | mul    | auto      | 0       |
|    mul_16s_16s_16_1_1_U325                              | 1   |        | mul_ln60_103  | mul    | auto      | 0       |
|    mac_muladd_16s_16s_16ns_16_4_1_U387                  | 1   |        | mul_ln60_104  | mul    | dsp_slice | 3       |
|    mac_muladd_16s_16s_16ns_16_4_1_U442                  | 1   |        | mul_ln60_105  | mul    | dsp_slice | 3       |
|    mac_muladd_16s_16s_16ns_16_4_1_U388                  | 1   |        | mul_ln60_106  | mul    | dsp_slice | 3       |
|    mul_16s_16s_16_1_1_U363                              | 1   |        | mul_ln60_107  | mul    | auto      | 0       |
|    mac_muladd_16s_16s_16ns_16_4_1_U443                  | 1   |        | mul_ln60_108  | mul    | dsp_slice | 3       |
|    mac_muladd_16s_16s_16ns_16_4_1_U444                  | 1   |        | mul_ln60_109  | mul    | dsp_slice | 3       |
|    mul_16s_16s_16_1_1_U364                              | 1   |        | mul_ln60_110  | mul    | auto      | 0       |
|    mac_muladd_16s_16s_16ns_16_4_1_U445                  | 1   |        | mul_ln60_111  | mul    | dsp_slice | 3       |
|    mac_muladd_16s_16s_16ns_16_4_1_U446                  | 1   |        | mul_ln60_112  | mul    | dsp_slice | 3       |
|    mac_muladd_16s_16s_16ns_16_4_1_U447                  | 1   |        | mul_ln60_113  | mul    | dsp_slice | 3       |
|    mul_16s_16s_16_1_1_U326                              | 1   |        | mul_ln60_114  | mul    | auto      | 0       |
|    mul_16s_16s_16_1_1_U327                              | 1   |        | mul_ln60_115  | mul    | auto      | 0       |
|    mul_16s_16s_16_1_1_U365                              | 1   |        | mul_ln60_116  | mul    | auto      | 0       |
|    mul_16s_16s_16_1_1_U366                              | 1   |        | mul_ln60_117  | mul    | auto      | 0       |
|    mac_muladd_16s_16s_16ns_16_4_1_U448                  | 1   |        | mul_ln60_118  | mul    | dsp_slice | 3       |
|    mul_16s_16s_16_1_1_U367                              | 1   |        | mul_ln60_119  | mul    | auto      | 0       |
|    mul_16s_16s_16_1_1_U368                              | 1   |        | mul_ln60_120  | mul    | auto      | 0       |
|    mac_muladd_16s_16s_16ns_16_4_1_U389                  | 1   |        | mul_ln60_121  | mul    | dsp_slice | 3       |
|    mul_16s_16s_16_1_1_U369                              | 1   |        | mul_ln60_122  | mul    | auto      | 0       |
|    mul_16s_16s_16_1_1_U328                              | 1   |        | mul_ln60_123  | mul    | auto      | 0       |
|    mul_16s_16s_16_1_1_U329                              | 1   |        | mul_ln60_124  | mul    | auto      | 0       |
|    mac_muladd_16s_16s_16ns_16_4_1_U449                  | 1   |        | mul_ln60_125  | mul    | dsp_slice | 3       |
|    mac_muladd_16s_16s_16ns_16_4_1_U450                  | 1   |        | mul_ln60_126  | mul    | dsp_slice | 3       |
|    mac_muladd_16s_16s_16ns_16_4_1_U451                  | 1   |        | mul_ln60_127  | mul    | dsp_slice | 3       |
|    mac_muladd_16s_16s_16ns_16_4_1_U452                  | 1   |        | mul_ln60_128  | mul    | dsp_slice | 3       |
|    mac_muladd_16s_16s_16ns_16_4_1_U390                  | 1   |        | mul_ln60_129  | mul    | dsp_slice | 3       |
|    mac_muladd_16s_16s_16ns_16_4_1_U453                  | 1   |        | mul_ln60_130  | mul    | dsp_slice | 3       |
|    mac_muladd_16s_16s_16ns_16_4_1_U454                  | 1   |        | mul_ln60_131  | mul    | dsp_slice | 3       |
|    mac_muladd_16s_16s_16ns_16_4_1_U391                  | 1   |        | mul_ln60_132  | mul    | dsp_slice | 3       |
|    mac_muladd_16s_16s_16ns_16_4_1_U455                  | 1   |        | mul_ln60_133  | mul    | dsp_slice | 3       |
|    mul_16s_16s_16_1_1_U370                              | 1   |        | mul_ln60_134  | mul    | auto      | 0       |
|    mac_muladd_16s_16s_16ns_16_4_1_U456                  | 1   |        | mul_ln60_135  | mul    | dsp_slice | 3       |
|    mul_16s_16s_16_1_1_U371                              | 1   |        | mul_ln60_136  | mul    | auto      | 0       |
|    mul_16s_16s_16_1_1_U330                              | 1   |        | mul_ln60_137  | mul    | auto      | 0       |
|    mac_muladd_16s_16s_16ns_16_4_1_U457                  | 1   |        | mul_ln60_138  | mul    | dsp_slice | 3       |
|    mac_muladd_16s_16s_16ns_16_4_1_U392                  | 1   |        | mul_ln60_139  | mul    | dsp_slice | 3       |
|    mac_muladd_16s_16s_16ns_16_4_1_U458                  | 1   |        | mul_ln60_140  | mul    | dsp_slice | 3       |
|    mul_16s_16s_16_1_1_U331                              | 1   |        | mul_ln60_141  | mul    | auto      | 0       |
|    mac_muladd_16s_16s_16ns_16_4_1_U459                  | 1   |        | mul_ln60_142  | mul    | dsp_slice | 3       |
|    mac_muladd_16s_16s_16ns_16_4_1_U460                  | 1   |        | mul_ln60_143  | mul    | dsp_slice | 3       |
|    mul_16s_16s_16_1_1_U372                              | 1   |        | mul_ln60_144  | mul    | auto      | 0       |
|    mac_muladd_16s_16s_16ns_16_4_1_U393                  | 1   |        | mul_ln60_145  | mul    | dsp_slice | 3       |
|    mul_16s_16s_16_1_1_U332                              | 1   |        | mul_ln60_146  | mul    | auto      | 0       |
|    mac_muladd_16s_16s_16ns_16_4_1_U394                  | 1   |        | mul_ln60_147  | mul    | dsp_slice | 3       |
|    mac_muladd_16s_16s_16ns_16_4_1_U395                  | 1   |        | mul_ln60_148  | mul    | dsp_slice | 3       |
|    mac_muladd_16s_16s_16ns_16_4_1_U396                  | 1   |        | mul_ln60_149  | mul    | dsp_slice | 3       |
|    mac_muladd_16s_16s_16ns_16_4_1_U432                  | 1   |        | add_ln60      | add    | dsp_slice | 3       |
|    mac_muladd_16s_16s_16ns_16_4_1_U444                  | 1   |        | add_ln60_1    | add    | dsp_slice | 3       |
|    mac_muladd_16s_16s_16ns_16_4_1_U435                  | 1   |        | add_ln60_3    | add    | dsp_slice | 3       |
|    mac_muladd_16s_16s_16ns_16_4_1_U393                  | 1   |        | add_ln60_4    | add    | dsp_slice | 3       |
|    mac_muladd_16s_16s_16ns_16_4_1_U399                  | 1   |        | add_ln60_5    | add    | dsp_slice | 3       |
|    add_ln60_6_fu_5099_p2                                |     |        | add_ln60_6    | add    | fabric    | 0       |
|    mac_muladd_16s_16s_16ns_16_4_1_U433                  | 1   |        | add_ln60_8    | add    | dsp_slice | 3       |
|    mac_muladd_16s_16s_16ns_16_4_1_U398                  | 1   |        | add_ln60_9    | add    | dsp_slice | 3       |
|    mac_muladd_16s_16s_16ns_16_4_1_U453                  | 1   |        | add_ln60_11   | add    | dsp_slice | 3       |
|    mac_muladd_16s_16s_16ns_16_4_1_U387                  | 1   |        | add_ln60_12   | add    | dsp_slice | 3       |
|    mac_muladd_16s_16s_16ns_16_4_1_U443                  | 1   |        | add_ln60_13   | add    | dsp_slice | 3       |
|    add_ln60_14_fu_5113_p2                               |     |        | add_ln60_14   | add    | fabric    | 0       |
|    mac_muladd_16s_16s_16ns_16_4_1_U425                  | 1   |        | add_ln60_17   | add    | dsp_slice | 3       |
|    mac_muladd_16s_16s_16ns_16_4_1_U449                  | 1   |        | add_ln60_18   | add    | dsp_slice | 3       |
|    add_ln60_19_fu_5129_p2                               |     |        | add_ln60_19   | add    | fabric    | 0       |
|    mac_muladd_16s_16s_16ns_16_4_1_U458                  | 1   |        | add_ln60_20   | add    | dsp_slice | 3       |
|    mac_muladd_16s_16s_16ns_16_4_1_U382                  | 1   |        | add_ln60_21   | add    | dsp_slice | 3       |
|    mac_muladd_16s_16s_16ns_16_4_1_U438                  | 1   |        | add_ln60_22   | add    | dsp_slice | 3       |
|    add_ln60_23_fu_5133_p2                               |     |        | add_ln60_23   | add    | fabric    | 0       |
|    mac_muladd_16s_16s_16ns_16_4_1_U439                  | 1   |        | add_ln60_25   | add    | dsp_slice | 3       |
|    mac_muladd_16s_16s_16ns_16_4_1_U374                  | 1   |        | add_ln60_26   | add    | dsp_slice | 3       |
|    mac_muladd_16s_16s_16ns_16_4_1_U412                  | 1   |        | add_ln60_27   | add    | dsp_slice | 3       |
|    mac_muladd_16s_16s_16ns_16_4_1_U430                  | 1   |        | add_ln60_29   | add    | dsp_slice | 3       |
|    mac_muladd_16s_16s_16ns_16_4_1_U388                  | 1   |        | add_ln60_30   | add    | dsp_slice | 3       |
|    mac_muladd_16s_16s_16ns_16_4_1_U405                  | 1   |        | add_ln60_31   | add    | dsp_slice | 3       |
|    add_ln60_32_fu_5147_p2                               |     |        | add_ln60_32   | add    | fabric    | 0       |
|    mac_muladd_16s_16s_16ns_16_4_1_U431                  | 1   |        | add_ln60_36   | add    | dsp_slice | 3       |
|    mac_muladd_16s_16s_16ns_16_4_1_U397                  | 1   |        | add_ln60_37   | add    | dsp_slice | 3       |
|    mac_muladd_16s_16s_16ns_16_4_1_U447                  | 1   |        | add_ln60_39   | add    | dsp_slice | 3       |
|    mac_muladd_16s_16s_16ns_16_4_1_U375                  | 1   |        | add_ln60_40   | add    | dsp_slice | 3       |
|    mac_muladd_16s_16s_16ns_16_4_1_U429                  | 1   |        | add_ln60_41   | add    | dsp_slice | 3       |
|    add_ln60_42_fu_5173_p2                               |     |        | add_ln60_42   | add    | fabric    | 0       |
|    mac_muladd_16s_16s_16ns_16_4_1_U437                  | 1   |        | add_ln60_44   | add    | dsp_slice | 3       |
|    mac_muladd_16s_16s_16ns_16_4_1_U386                  | 1   |        | add_ln60_45   | add    | dsp_slice | 3       |
|    mac_muladd_16s_16s_16ns_16_4_1_U416                  | 1   |        | add_ln60_46   | add    | dsp_slice | 3       |
|    mac_muladd_16s_16s_16ns_16_4_1_U427                  | 1   |        | add_ln60_48   | add    | dsp_slice | 3       |
|    mac_muladd_16s_16s_16ns_16_4_1_U377                  | 1   |        | add_ln60_49   | add    | dsp_slice | 3       |
|    mac_muladd_16s_16s_16ns_16_4_1_U454                  | 1   |        | add_ln60_50   | add    | dsp_slice | 3       |
|    add_ln60_51_fu_5187_p2                               |     |        | add_ln60_51   | add    | fabric    | 0       |
|    mac_muladd_16s_16s_16ns_16_4_1_U400                  | 1   |        | add_ln60_54   | add    | dsp_slice | 3       |
|    mac_muladd_16s_16s_16ns_16_4_1_U423                  | 1   |        | add_ln60_55   | add    | dsp_slice | 3       |
|    add_ln60_56_fu_5203_p2                               |     |        | add_ln60_56   | add    | fabric    | 0       |
|    mac_muladd_16s_16s_16ns_16_4_1_U456                  | 1   |        | add_ln60_57   | add    | dsp_slice | 3       |
|    mac_muladd_16s_16s_16ns_16_4_1_U389                  | 1   |        | add_ln60_58   | add    | dsp_slice | 3       |
|    mac_muladd_16s_16s_16ns_16_4_1_U452                  | 1   |        | add_ln60_59   | add    | dsp_slice | 3       |
|    add_ln60_60_fu_5207_p2                               |     |        | add_ln60_60   | add    | fabric    | 0       |
|    mac_muladd_16s_16s_16ns_16_4_1_U450                  | 1   |        | add_ln60_62   | add    | dsp_slice | 3       |
|    mac_muladd_16s_16s_16ns_16_4_1_U384                  | 1   |        | add_ln60_63   | add    | dsp_slice | 3       |
|    mac_muladd_16s_16s_16ns_16_4_1_U457                  | 1   |        | add_ln60_64   | add    | dsp_slice | 3       |
|    mac_muladd_16s_16s_16ns_16_4_1_U408                  | 1   |        | add_ln60_66   | add    | dsp_slice | 3       |
|    mac_muladd_16s_16s_16ns_16_4_1_U385                  | 1   |        | add_ln60_67   | add    | dsp_slice | 3       |
|    mac_muladd_16s_16s_16ns_16_4_1_U442                  | 1   |        | add_ln60_68   | add    | dsp_slice | 3       |
|    add_ln60_69_fu_5221_p2                               |     |        | add_ln60_69   | add    | fabric    | 0       |
|    mac_muladd_16s_16s_16ns_16_4_1_U446                  | 1   |        | add_ln60_74   | add    | dsp_slice | 3       |
|    mac_muladd_16s_16s_16ns_16_4_1_U404                  | 1   |        | add_ln60_75   | add    | dsp_slice | 3       |
|    add_ln60_76_fu_5249_p2                               |     |        | add_ln60_76   | add    | fabric    | 0       |
|    mac_muladd_16s_16s_16ns_16_4_1_U428                  | 1   |        | add_ln60_77   | add    | dsp_slice | 3       |
|    mac_muladd_16s_16s_16ns_16_4_1_U376                  | 1   |        | add_ln60_78   | add    | dsp_slice | 3       |
|    mac_muladd_16s_16s_16ns_16_4_1_U436                  | 1   |        | add_ln60_79   | add    | dsp_slice | 3       |
|    add_ln60_80_fu_5253_p2                               |     |        | add_ln60_80   | add    | fabric    | 0       |
|    mac_muladd_16s_16s_16ns_16_4_1_U403                  | 1   |        | add_ln60_82   | add    | dsp_slice | 3       |
|    mac_muladd_16s_16s_16ns_16_4_1_U392                  | 1   |        | add_ln60_83   | add    | dsp_slice | 3       |
|    mac_muladd_16s_16s_16ns_16_4_1_U455                  | 1   |        | add_ln60_84   | add    | dsp_slice | 3       |
|    mac_muladd_16s_16s_16ns_16_4_1_U422                  | 1   |        | add_ln60_86   | add    | dsp_slice | 3       |
|    mac_muladd_16s_16s_16ns_16_4_1_U390                  | 1   |        | add_ln60_87   | add    | dsp_slice | 3       |
|    mac_muladd_16s_16s_16ns_16_4_1_U440                  | 1   |        | add_ln60_88   | add    | dsp_slice | 3       |
|    add_ln60_89_fu_5267_p2                               |     |        | add_ln60_89   | add    | fabric    | 0       |
|    mac_muladd_16s_16s_16ns_16_4_1_U426                  | 1   |        | add_ln60_92   | add    | dsp_slice | 3       |
|    mac_muladd_16s_16s_16ns_16_4_1_U407                  | 1   |        | add_ln60_93   | add    | dsp_slice | 3       |
|    add_ln60_94_fu_5283_p2                               |     |        | add_ln60_94   | add    | fabric    | 0       |
|    mac_muladd_16s_16s_16ns_16_4_1_U451                  | 1   |        | add_ln60_95   | add    | dsp_slice | 3       |
|    mac_muladd_16s_16s_16ns_16_4_1_U380                  | 1   |        | add_ln60_96   | add    | dsp_slice | 3       |
|    mac_muladd_16s_16s_16ns_16_4_1_U434                  | 1   |        | add_ln60_97   | add    | dsp_slice | 3       |
|    add_ln60_98_fu_5287_p2                               |     |        | add_ln60_98   | add    | fabric    | 0       |
|    mac_muladd_16s_16s_16ns_16_4_1_U413                  | 1   |        | add_ln60_100  | add    | dsp_slice | 3       |
|    mac_muladd_16s_16s_16ns_16_4_1_U391                  | 1   |        | add_ln60_101  | add    | dsp_slice | 3       |
|    mac_muladd_16s_16s_16ns_16_4_1_U419                  | 1   |        | add_ln60_102  | add    | dsp_slice | 3       |
|    mac_muladd_16s_16s_16ns_16_4_1_U411                  | 1   |        | add_ln60_104  | add    | dsp_slice | 3       |
|    mac_muladd_16s_16s_16ns_16_4_1_U381                  | 1   |        | add_ln60_105  | add    | dsp_slice | 3       |
|    mac_muladd_16s_16s_16ns_16_4_1_U401                  | 1   |        | add_ln60_106  | add    | dsp_slice | 3       |
|    add_ln60_107_fu_5301_p2                              |     |        | add_ln60_107  | add    | fabric    | 0       |
|    mac_muladd_16s_16s_16ns_16_4_1_U448                  | 1   |        | add_ln60_111  | add    | dsp_slice | 3       |
|    mac_muladd_16s_16s_16ns_16_4_1_U414                  | 1   |        | add_ln60_112  | add    | dsp_slice | 3       |
|    mac_muladd_16s_16s_16ns_16_4_1_U402                  | 1   |        | add_ln60_114  | add    | dsp_slice | 3       |
|    mac_muladd_16s_16s_16ns_16_4_1_U383                  | 1   |        | add_ln60_115  | add    | dsp_slice | 3       |
|    mac_muladd_16s_16s_16ns_16_4_1_U417                  | 1   |        | add_ln60_116  | add    | dsp_slice | 3       |
|    add_ln60_117_fu_5327_p2                              |     |        | add_ln60_117  | add    | fabric    | 0       |
|    mac_muladd_16s_16s_16ns_16_4_1_U421                  | 1   |        | add_ln60_119  | add    | dsp_slice | 3       |
|    mac_muladd_16s_16s_16ns_16_4_1_U396                  | 1   |        | add_ln60_120  | add    | dsp_slice | 3       |
|    mac_muladd_16s_16s_16ns_16_4_1_U420                  | 1   |        | add_ln60_121  | add    | dsp_slice | 3       |
|    mac_muladd_16s_16s_16ns_16_4_1_U459                  | 1   |        | add_ln60_123  | add    | dsp_slice | 3       |
|    mac_muladd_16s_16s_16ns_16_4_1_U379                  | 1   |        | add_ln60_124  | add    | dsp_slice | 3       |
|    mac_muladd_16s_16s_16ns_16_4_1_U460                  | 1   |        | add_ln60_125  | add    | dsp_slice | 3       |
|    add_ln60_126_fu_5341_p2                              |     |        | add_ln60_126  | add    | fabric    | 0       |
|    mac_muladd_16s_16s_16ns_16_4_1_U424                  | 1   |        | add_ln60_129  | add    | dsp_slice | 3       |
|    mac_muladd_16s_16s_16ns_16_4_1_U415                  | 1   |        | add_ln60_130  | add    | dsp_slice | 3       |
|    add_ln60_131_fu_5357_p2                              |     |        | add_ln60_131  | add    | fabric    | 0       |
|    mac_muladd_16s_16s_16ns_16_4_1_U409                  | 1   |        | add_ln60_132  | add    | dsp_slice | 3       |
|    mac_muladd_16s_16s_16ns_16_4_1_U394                  | 1   |        | add_ln60_133  | add    | dsp_slice | 3       |
|    mac_muladd_16s_16s_16ns_16_4_1_U441                  | 1   |        | add_ln60_134  | add    | dsp_slice | 3       |
|    add_ln60_135_fu_5361_p2                              |     |        | add_ln60_135  | add    | fabric    | 0       |
|    mac_muladd_16s_16s_16ns_16_4_1_U418                  | 1   |        | add_ln60_137  | add    | dsp_slice | 3       |
|    mac_muladd_16s_16s_16ns_16_4_1_U395                  | 1   |        | add_ln60_138  | add    | dsp_slice | 3       |
|    mac_muladd_16s_16s_16ns_16_4_1_U410                  | 1   |        | add_ln60_139  | add    | dsp_slice | 3       |
|    mac_muladd_16s_16s_16ns_16_4_1_U406                  | 1   |        | add_ln60_141  | add    | dsp_slice | 3       |
|    mac_muladd_16s_16s_16ns_16_4_1_U378                  | 1   |        | add_ln60_142  | add    | dsp_slice | 3       |
|    mac_muladd_16s_16s_16ns_16_4_1_U445                  | 1   |        | add_ln60_143  | add    | dsp_slice | 3       |
|    add_ln60_144_fu_5375_p2                              |     |        | add_ln60_144  | add    | fabric    | 0       |
|    add_ln56_fu_4689_p2                                  |     |        | add_ln56      | add    | fabric    | 0       |
|  + real_matmul_Pipeline_MAT_C_ROWS_MAT_C_COLS           | 1   |        |               |        |           |         |
|    icmp_ln68_fu_146_p2                                  |     |        | icmp_ln68     | seteq  | auto      | 0       |
|    add_ln68_1_fu_152_p2                                 |     |        | add_ln68_1    | add    | fabric    | 0       |
|    add_ln68_fu_164_p2                                   |     |        | add_ln68      | add    | fabric    | 0       |
|    icmp_ln70_fu_170_p2                                  |     |        | icmp_ln70     | seteq  | auto      | 0       |
|    select_ln68_fu_176_p3                                |     |        | select_ln68   | select | auto_sel  | 0       |
|    select_ln68_1_fu_237_p3                              |     |        | select_ln68_1 | select | auto_sel  | 0       |
|    select_ln68_2_fu_184_p3                              |     |        | select_ln68_2 | select | auto_sel  | 0       |
|    mac_muladd_8ns_7ns_8ns_15_4_1_U764                   | 1   |        | mul_ln71      | mul    | dsp_slice | 3       |
|    mac_muladd_8ns_7ns_8ns_15_4_1_U764                   | 1   |        | add_ln71      | add    | dsp_slice | 3       |
|    icmp_ln71_fu_200_p2                                  |     |        | icmp_ln71     | seteq  | auto      | 0       |
|    add_ln70_fu_206_p2                                   |     |        | add_ln70      | add    | fabric    | 0       |
|    select_ln71_fu_262_p3                                |     |        | select_ln71   | select | auto_sel  | 0       |
+---------------------------------------------------------+-----+--------+---------------+--------+-----------+---------+


================================================================
== Storage Report
================================================================
+-------------------+---------------+-----------+------+------+--------+----------+------+---------+------------------+
| Name              | Usage         | Type      | BRAM | URAM | Pragma | Variable | Impl | Latency | Bitwidth, Depth, |
|                   |               |           |      |      |        |          |      |         | Banks            |
+-------------------+---------------+-----------+------+------+--------+----------+------+---------+------------------+
| + real_matmul     |               |           | 178  | 0    |        |          |      |         |                  |
|   control_s_axi_U | interface     | s_axilite |      |      |        |          |      |         |                  |
|   mem_m_axi_U     | interface     | m_axi     | 8    |      |        |          |      |         |                  |
|   MatA_U          | ram_1p array  |           |      |      |        | MatA     | auto | 1       | 16, 100, 1       |
|   MatA_1_U        | ram_1p array  |           |      |      |        | MatA_1   | auto | 1       | 16, 100, 1       |
|   MatA_2_U        | ram_1p array  |           |      |      |        | MatA_2   | auto | 1       | 16, 100, 1       |
|   MatA_3_U        | ram_1p array  |           |      |      |        | MatA_3   | auto | 1       | 16, 100, 1       |
|   MatA_4_U        | ram_1p array  |           |      |      |        | MatA_4   | auto | 1       | 16, 100, 1       |
|   MatA_5_U        | ram_1p array  |           |      |      |        | MatA_5   | auto | 1       | 16, 100, 1       |
|   MatA_6_U        | ram_1p array  |           |      |      |        | MatA_6   | auto | 1       | 16, 100, 1       |
|   MatA_7_U        | ram_1p array  |           |      |      |        | MatA_7   | auto | 1       | 16, 100, 1       |
|   MatA_8_U        | ram_1p array  |           |      |      |        | MatA_8   | auto | 1       | 16, 100, 1       |
|   MatA_9_U        | ram_1p array  |           |      |      |        | MatA_9   | auto | 1       | 16, 100, 1       |
|   MatA_10_U       | ram_1p array  |           |      |      |        | MatA_10  | auto | 1       | 16, 100, 1       |
|   MatA_11_U       | ram_1p array  |           |      |      |        | MatA_11  | auto | 1       | 16, 100, 1       |
|   MatA_12_U       | ram_1p array  |           |      |      |        | MatA_12  | auto | 1       | 16, 100, 1       |
|   MatA_13_U       | ram_1p array  |           |      |      |        | MatA_13  | auto | 1       | 16, 100, 1       |
|   MatA_14_U       | ram_1p array  |           |      |      |        | MatA_14  | auto | 1       | 16, 100, 1       |
|   MatA_15_U       | ram_1p array  |           |      |      |        | MatA_15  | auto | 1       | 16, 100, 1       |
|   MatA_16_U       | ram_1p array  |           |      |      |        | MatA_16  | auto | 1       | 16, 100, 1       |
|   MatA_17_U       | ram_1p array  |           |      |      |        | MatA_17  | auto | 1       | 16, 100, 1       |
|   MatA_18_U       | ram_1p array  |           |      |      |        | MatA_18  | auto | 1       | 16, 100, 1       |
|   MatA_19_U       | ram_1p array  |           |      |      |        | MatA_19  | auto | 1       | 16, 100, 1       |
|   MatA_20_U       | ram_1p array  |           |      |      |        | MatA_20  | auto | 1       | 16, 100, 1       |
|   MatA_21_U       | ram_1p array  |           |      |      |        | MatA_21  | auto | 1       | 16, 100, 1       |
|   MatA_22_U       | ram_1p array  |           |      |      |        | MatA_22  | auto | 1       | 16, 100, 1       |
|   MatA_23_U       | ram_1p array  |           |      |      |        | MatA_23  | auto | 1       | 16, 100, 1       |
|   MatA_24_U       | ram_1p array  |           |      |      |        | MatA_24  | auto | 1       | 16, 100, 1       |
|   MatA_25_U       | ram_1p array  |           |      |      |        | MatA_25  | auto | 1       | 16, 100, 1       |
|   MatA_26_U       | ram_1p array  |           |      |      |        | MatA_26  | auto | 1       | 16, 100, 1       |
|   MatA_27_U       | ram_1p array  |           |      |      |        | MatA_27  | auto | 1       | 16, 100, 1       |
|   MatA_28_U       | ram_1p array  |           |      |      |        | MatA_28  | auto | 1       | 16, 100, 1       |
|   MatA_29_U       | ram_1p array  |           |      |      |        | MatA_29  | auto | 1       | 16, 100, 1       |
|   MatA_30_U       | ram_1p array  |           |      |      |        | MatA_30  | auto | 1       | 16, 100, 1       |
|   MatA_31_U       | ram_1p array  |           |      |      |        | MatA_31  | auto | 1       | 16, 100, 1       |
|   MatA_32_U       | ram_1p array  |           |      |      |        | MatA_32  | auto | 1       | 16, 100, 1       |
|   MatA_33_U       | ram_1p array  |           |      |      |        | MatA_33  | auto | 1       | 16, 100, 1       |
|   MatA_34_U       | ram_1p array  |           |      |      |        | MatA_34  | auto | 1       | 16, 100, 1       |
|   MatA_35_U       | ram_1p array  |           |      |      |        | MatA_35  | auto | 1       | 16, 100, 1       |
|   MatA_36_U       | ram_1p array  |           |      |      |        | MatA_36  | auto | 1       | 16, 100, 1       |
|   MatA_37_U       | ram_1p array  |           |      |      |        | MatA_37  | auto | 1       | 16, 100, 1       |
|   MatA_38_U       | ram_1p array  |           |      |      |        | MatA_38  | auto | 1       | 16, 100, 1       |
|   MatA_39_U       | ram_1p array  |           |      |      |        | MatA_39  | auto | 1       | 16, 100, 1       |
|   MatA_40_U       | ram_1p array  |           |      |      |        | MatA_40  | auto | 1       | 16, 100, 1       |
|   MatA_41_U       | ram_1p array  |           |      |      |        | MatA_41  | auto | 1       | 16, 100, 1       |
|   MatA_42_U       | ram_1p array  |           |      |      |        | MatA_42  | auto | 1       | 16, 100, 1       |
|   MatA_43_U       | ram_1p array  |           |      |      |        | MatA_43  | auto | 1       | 16, 100, 1       |
|   MatA_44_U       | ram_1p array  |           |      |      |        | MatA_44  | auto | 1       | 16, 100, 1       |
|   MatA_45_U       | ram_1p array  |           |      |      |        | MatA_45  | auto | 1       | 16, 100, 1       |
|   MatA_46_U       | ram_1p array  |           |      |      |        | MatA_46  | auto | 1       | 16, 100, 1       |
|   MatA_47_U       | ram_1p array  |           |      |      |        | MatA_47  | auto | 1       | 16, 100, 1       |
|   MatA_48_U       | ram_1p array  |           |      |      |        | MatA_48  | auto | 1       | 16, 100, 1       |
|   MatA_49_U       | ram_1p array  |           |      |      |        | MatA_49  | auto | 1       | 16, 100, 1       |
|   MatA_50_U       | ram_1p array  |           |      |      |        | MatA_50  | auto | 1       | 16, 100, 1       |
|   MatA_51_U       | ram_1p array  |           |      |      |        | MatA_51  | auto | 1       | 16, 100, 1       |
|   MatA_52_U       | ram_1p array  |           |      |      |        | MatA_52  | auto | 1       | 16, 100, 1       |
|   MatA_53_U       | ram_1p array  |           |      |      |        | MatA_53  | auto | 1       | 16, 100, 1       |
|   MatA_54_U       | ram_1p array  |           |      |      |        | MatA_54  | auto | 1       | 16, 100, 1       |
|   MatA_55_U       | ram_1p array  |           |      |      |        | MatA_55  | auto | 1       | 16, 100, 1       |
|   MatA_56_U       | ram_1p array  |           |      |      |        | MatA_56  | auto | 1       | 16, 100, 1       |
|   MatA_57_U       | ram_1p array  |           |      |      |        | MatA_57  | auto | 1       | 16, 100, 1       |
|   MatA_58_U       | ram_1p array  |           |      |      |        | MatA_58  | auto | 1       | 16, 100, 1       |
|   MatA_59_U       | ram_1p array  |           |      |      |        | MatA_59  | auto | 1       | 16, 100, 1       |
|   MatA_60_U       | ram_1p array  |           |      |      |        | MatA_60  | auto | 1       | 16, 100, 1       |
|   MatA_61_U       | ram_1p array  |           |      |      |        | MatA_61  | auto | 1       | 16, 100, 1       |
|   MatA_62_U       | ram_1p array  |           |      |      |        | MatA_62  | auto | 1       | 16, 100, 1       |
|   MatA_63_U       | ram_1p array  |           |      |      |        | MatA_63  | auto | 1       | 16, 100, 1       |
|   MatA_64_U       | ram_1p array  |           |      |      |        | MatA_64  | auto | 1       | 16, 100, 1       |
|   MatA_65_U       | ram_1p array  |           |      |      |        | MatA_65  | auto | 1       | 16, 100, 1       |
|   MatA_66_U       | ram_1p array  |           |      |      |        | MatA_66  | auto | 1       | 16, 100, 1       |
|   MatA_67_U       | ram_1p array  |           |      |      |        | MatA_67  | auto | 1       | 16, 100, 1       |
|   MatA_68_U       | ram_1p array  |           |      |      |        | MatA_68  | auto | 1       | 16, 100, 1       |
|   MatA_69_U       | ram_1p array  |           |      |      |        | MatA_69  | auto | 1       | 16, 100, 1       |
|   MatA_70_U       | ram_1p array  |           |      |      |        | MatA_70  | auto | 1       | 16, 100, 1       |
|   MatA_71_U       | ram_1p array  |           |      |      |        | MatA_71  | auto | 1       | 16, 100, 1       |
|   MatA_72_U       | ram_1p array  |           |      |      |        | MatA_72  | auto | 1       | 16, 100, 1       |
|   MatA_73_U       | ram_1p array  |           |      |      |        | MatA_73  | auto | 1       | 16, 100, 1       |
|   MatA_74_U       | ram_1p array  |           |      |      |        | MatA_74  | auto | 1       | 16, 100, 1       |
|   MatA_75_U       | ram_1p array  |           |      |      |        | MatA_75  | auto | 1       | 16, 100, 1       |
|   MatA_76_U       | ram_1p array  |           |      |      |        | MatA_76  | auto | 1       | 16, 100, 1       |
|   MatA_77_U       | ram_1p array  |           |      |      |        | MatA_77  | auto | 1       | 16, 100, 1       |
|   MatA_78_U       | ram_1p array  |           |      |      |        | MatA_78  | auto | 1       | 16, 100, 1       |
|   MatA_79_U       | ram_1p array  |           |      |      |        | MatA_79  | auto | 1       | 16, 100, 1       |
|   MatA_80_U       | ram_1p array  |           |      |      |        | MatA_80  | auto | 1       | 16, 100, 1       |
|   MatA_81_U       | ram_1p array  |           |      |      |        | MatA_81  | auto | 1       | 16, 100, 1       |
|   MatA_82_U       | ram_1p array  |           |      |      |        | MatA_82  | auto | 1       | 16, 100, 1       |
|   MatA_83_U       | ram_1p array  |           |      |      |        | MatA_83  | auto | 1       | 16, 100, 1       |
|   MatA_84_U       | ram_1p array  |           |      |      |        | MatA_84  | auto | 1       | 16, 100, 1       |
|   MatA_85_U       | ram_1p array  |           |      |      |        | MatA_85  | auto | 1       | 16, 100, 1       |
|   MatA_86_U       | ram_1p array  |           |      |      |        | MatA_86  | auto | 1       | 16, 100, 1       |
|   MatA_87_U       | ram_1p array  |           |      |      |        | MatA_87  | auto | 1       | 16, 100, 1       |
|   MatA_88_U       | ram_1p array  |           |      |      |        | MatA_88  | auto | 1       | 16, 100, 1       |
|   MatA_89_U       | ram_1p array  |           |      |      |        | MatA_89  | auto | 1       | 16, 100, 1       |
|   MatA_90_U       | ram_1p array  |           |      |      |        | MatA_90  | auto | 1       | 16, 100, 1       |
|   MatA_91_U       | ram_1p array  |           |      |      |        | MatA_91  | auto | 1       | 16, 100, 1       |
|   MatA_92_U       | ram_1p array  |           |      |      |        | MatA_92  | auto | 1       | 16, 100, 1       |
|   MatA_93_U       | ram_1p array  |           |      |      |        | MatA_93  | auto | 1       | 16, 100, 1       |
|   MatA_94_U       | ram_1p array  |           |      |      |        | MatA_94  | auto | 1       | 16, 100, 1       |
|   MatA_95_U       | ram_1p array  |           |      |      |        | MatA_95  | auto | 1       | 16, 100, 1       |
|   MatA_96_U       | ram_1p array  |           |      |      |        | MatA_96  | auto | 1       | 16, 100, 1       |
|   MatA_97_U       | ram_1p array  |           |      |      |        | MatA_97  | auto | 1       | 16, 100, 1       |
|   MatA_98_U       | ram_1p array  |           |      |      |        | MatA_98  | auto | 1       | 16, 100, 1       |
|   MatA_99_U       | ram_1p array  |           |      |      |        | MatA_99  | auto | 1       | 16, 100, 1       |
|   MatA_100_U      | ram_1p array  |           |      |      |        | MatA_100 | auto | 1       | 16, 100, 1       |
|   MatA_101_U      | ram_1p array  |           |      |      |        | MatA_101 | auto | 1       | 16, 100, 1       |
|   MatA_102_U      | ram_1p array  |           |      |      |        | MatA_102 | auto | 1       | 16, 100, 1       |
|   MatA_103_U      | ram_1p array  |           |      |      |        | MatA_103 | auto | 1       | 16, 100, 1       |
|   MatA_104_U      | ram_1p array  |           |      |      |        | MatA_104 | auto | 1       | 16, 100, 1       |
|   MatA_105_U      | ram_1p array  |           |      |      |        | MatA_105 | auto | 1       | 16, 100, 1       |
|   MatA_106_U      | ram_1p array  |           |      |      |        | MatA_106 | auto | 1       | 16, 100, 1       |
|   MatA_107_U      | ram_1p array  |           |      |      |        | MatA_107 | auto | 1       | 16, 100, 1       |
|   MatA_108_U      | ram_1p array  |           |      |      |        | MatA_108 | auto | 1       | 16, 100, 1       |
|   MatA_109_U      | ram_1p array  |           |      |      |        | MatA_109 | auto | 1       | 16, 100, 1       |
|   MatA_110_U      | ram_1p array  |           |      |      |        | MatA_110 | auto | 1       | 16, 100, 1       |
|   MatA_111_U      | ram_1p array  |           |      |      |        | MatA_111 | auto | 1       | 16, 100, 1       |
|   MatA_112_U      | ram_1p array  |           |      |      |        | MatA_112 | auto | 1       | 16, 100, 1       |
|   MatA_113_U      | ram_1p array  |           |      |      |        | MatA_113 | auto | 1       | 16, 100, 1       |
|   MatA_114_U      | ram_1p array  |           |      |      |        | MatA_114 | auto | 1       | 16, 100, 1       |
|   MatA_115_U      | ram_1p array  |           |      |      |        | MatA_115 | auto | 1       | 16, 100, 1       |
|   MatA_116_U      | ram_1p array  |           |      |      |        | MatA_116 | auto | 1       | 16, 100, 1       |
|   MatA_117_U      | ram_1p array  |           |      |      |        | MatA_117 | auto | 1       | 16, 100, 1       |
|   MatA_118_U      | ram_1p array  |           |      |      |        | MatA_118 | auto | 1       | 16, 100, 1       |
|   MatA_119_U      | ram_1p array  |           |      |      |        | MatA_119 | auto | 1       | 16, 100, 1       |
|   MatA_120_U      | ram_1p array  |           |      |      |        | MatA_120 | auto | 1       | 16, 100, 1       |
|   MatA_121_U      | ram_1p array  |           |      |      |        | MatA_121 | auto | 1       | 16, 100, 1       |
|   MatA_122_U      | ram_1p array  |           |      |      |        | MatA_122 | auto | 1       | 16, 100, 1       |
|   MatA_123_U      | ram_1p array  |           |      |      |        | MatA_123 | auto | 1       | 16, 100, 1       |
|   MatA_124_U      | ram_1p array  |           |      |      |        | MatA_124 | auto | 1       | 16, 100, 1       |
|   MatA_125_U      | ram_1p array  |           |      |      |        | MatA_125 | auto | 1       | 16, 100, 1       |
|   MatA_126_U      | ram_1p array  |           |      |      |        | MatA_126 | auto | 1       | 16, 100, 1       |
|   MatA_127_U      | ram_1p array  |           |      |      |        | MatA_127 | auto | 1       | 16, 100, 1       |
|   MatA_128_U      | ram_1p array  |           |      |      |        | MatA_128 | auto | 1       | 16, 100, 1       |
|   MatA_129_U      | ram_1p array  |           |      |      |        | MatA_129 | auto | 1       | 16, 100, 1       |
|   MatA_130_U      | ram_1p array  |           |      |      |        | MatA_130 | auto | 1       | 16, 100, 1       |
|   MatA_131_U      | ram_1p array  |           |      |      |        | MatA_131 | auto | 1       | 16, 100, 1       |
|   MatA_132_U      | ram_1p array  |           |      |      |        | MatA_132 | auto | 1       | 16, 100, 1       |
|   MatA_133_U      | ram_1p array  |           |      |      |        | MatA_133 | auto | 1       | 16, 100, 1       |
|   MatA_134_U      | ram_1p array  |           |      |      |        | MatA_134 | auto | 1       | 16, 100, 1       |
|   MatA_135_U      | ram_1p array  |           |      |      |        | MatA_135 | auto | 1       | 16, 100, 1       |
|   MatA_136_U      | ram_1p array  |           |      |      |        | MatA_136 | auto | 1       | 16, 100, 1       |
|   MatA_137_U      | ram_1p array  |           |      |      |        | MatA_137 | auto | 1       | 16, 100, 1       |
|   MatA_138_U      | ram_1p array  |           |      |      |        | MatA_138 | auto | 1       | 16, 100, 1       |
|   MatA_139_U      | ram_1p array  |           |      |      |        | MatA_139 | auto | 1       | 16, 100, 1       |
|   MatA_140_U      | ram_1p array  |           |      |      |        | MatA_140 | auto | 1       | 16, 100, 1       |
|   MatA_141_U      | ram_1p array  |           |      |      |        | MatA_141 | auto | 1       | 16, 100, 1       |
|   MatA_142_U      | ram_1p array  |           |      |      |        | MatA_142 | auto | 1       | 16, 100, 1       |
|   MatA_143_U      | ram_1p array  |           |      |      |        | MatA_143 | auto | 1       | 16, 100, 1       |
|   MatA_144_U      | ram_1p array  |           |      |      |        | MatA_144 | auto | 1       | 16, 100, 1       |
|   MatA_145_U      | ram_1p array  |           |      |      |        | MatA_145 | auto | 1       | 16, 100, 1       |
|   MatA_146_U      | ram_1p array  |           |      |      |        | MatA_146 | auto | 1       | 16, 100, 1       |
|   MatA_147_U      | ram_1p array  |           |      |      |        | MatA_147 | auto | 1       | 16, 100, 1       |
|   MatA_148_U      | ram_1p array  |           |      |      |        | MatA_148 | auto | 1       | 16, 100, 1       |
|   MatA_149_U      | ram_1p array  |           |      |      |        | MatA_149 | auto | 1       | 16, 100, 1       |
|   MatB_U          | ram_1p array  |           | 1    |      |        | MatB     | auto | 1       | 16, 200, 1       |
|   MatB_1_U        | ram_1p array  |           | 1    |      |        | MatB_1   | auto | 1       | 16, 200, 1       |
|   MatB_2_U        | ram_1p array  |           | 1    |      |        | MatB_2   | auto | 1       | 16, 200, 1       |
|   MatB_3_U        | ram_1p array  |           | 1    |      |        | MatB_3   | auto | 1       | 16, 200, 1       |
|   MatB_4_U        | ram_1p array  |           | 1    |      |        | MatB_4   | auto | 1       | 16, 200, 1       |
|   MatB_5_U        | ram_1p array  |           | 1    |      |        | MatB_5   | auto | 1       | 16, 200, 1       |
|   MatB_6_U        | ram_1p array  |           | 1    |      |        | MatB_6   | auto | 1       | 16, 200, 1       |
|   MatB_7_U        | ram_1p array  |           | 1    |      |        | MatB_7   | auto | 1       | 16, 200, 1       |
|   MatB_8_U        | ram_1p array  |           | 1    |      |        | MatB_8   | auto | 1       | 16, 200, 1       |
|   MatB_9_U        | ram_1p array  |           | 1    |      |        | MatB_9   | auto | 1       | 16, 200, 1       |
|   MatB_10_U       | ram_1p array  |           | 1    |      |        | MatB_10  | auto | 1       | 16, 200, 1       |
|   MatB_11_U       | ram_1p array  |           | 1    |      |        | MatB_11  | auto | 1       | 16, 200, 1       |
|   MatB_12_U       | ram_1p array  |           | 1    |      |        | MatB_12  | auto | 1       | 16, 200, 1       |
|   MatB_13_U       | ram_1p array  |           | 1    |      |        | MatB_13  | auto | 1       | 16, 200, 1       |
|   MatB_14_U       | ram_1p array  |           | 1    |      |        | MatB_14  | auto | 1       | 16, 200, 1       |
|   MatB_15_U       | ram_1p array  |           | 1    |      |        | MatB_15  | auto | 1       | 16, 200, 1       |
|   MatB_16_U       | ram_1p array  |           | 1    |      |        | MatB_16  | auto | 1       | 16, 200, 1       |
|   MatB_17_U       | ram_1p array  |           | 1    |      |        | MatB_17  | auto | 1       | 16, 200, 1       |
|   MatB_18_U       | ram_1p array  |           | 1    |      |        | MatB_18  | auto | 1       | 16, 200, 1       |
|   MatB_19_U       | ram_1p array  |           | 1    |      |        | MatB_19  | auto | 1       | 16, 200, 1       |
|   MatB_20_U       | ram_1p array  |           | 1    |      |        | MatB_20  | auto | 1       | 16, 200, 1       |
|   MatB_21_U       | ram_1p array  |           | 1    |      |        | MatB_21  | auto | 1       | 16, 200, 1       |
|   MatB_22_U       | ram_1p array  |           | 1    |      |        | MatB_22  | auto | 1       | 16, 200, 1       |
|   MatB_23_U       | ram_1p array  |           | 1    |      |        | MatB_23  | auto | 1       | 16, 200, 1       |
|   MatB_24_U       | ram_1p array  |           | 1    |      |        | MatB_24  | auto | 1       | 16, 200, 1       |
|   MatB_25_U       | ram_1p array  |           | 1    |      |        | MatB_25  | auto | 1       | 16, 200, 1       |
|   MatB_26_U       | ram_1p array  |           | 1    |      |        | MatB_26  | auto | 1       | 16, 200, 1       |
|   MatB_27_U       | ram_1p array  |           | 1    |      |        | MatB_27  | auto | 1       | 16, 200, 1       |
|   MatB_28_U       | ram_1p array  |           | 1    |      |        | MatB_28  | auto | 1       | 16, 200, 1       |
|   MatB_29_U       | ram_1p array  |           | 1    |      |        | MatB_29  | auto | 1       | 16, 200, 1       |
|   MatB_30_U       | ram_1p array  |           | 1    |      |        | MatB_30  | auto | 1       | 16, 200, 1       |
|   MatB_31_U       | ram_1p array  |           | 1    |      |        | MatB_31  | auto | 1       | 16, 200, 1       |
|   MatB_32_U       | ram_1p array  |           | 1    |      |        | MatB_32  | auto | 1       | 16, 200, 1       |
|   MatB_33_U       | ram_1p array  |           | 1    |      |        | MatB_33  | auto | 1       | 16, 200, 1       |
|   MatB_34_U       | ram_1p array  |           | 1    |      |        | MatB_34  | auto | 1       | 16, 200, 1       |
|   MatB_35_U       | ram_1p array  |           | 1    |      |        | MatB_35  | auto | 1       | 16, 200, 1       |
|   MatB_36_U       | ram_1p array  |           | 1    |      |        | MatB_36  | auto | 1       | 16, 200, 1       |
|   MatB_37_U       | ram_1p array  |           | 1    |      |        | MatB_37  | auto | 1       | 16, 200, 1       |
|   MatB_38_U       | ram_1p array  |           | 1    |      |        | MatB_38  | auto | 1       | 16, 200, 1       |
|   MatB_39_U       | ram_1p array  |           | 1    |      |        | MatB_39  | auto | 1       | 16, 200, 1       |
|   MatB_40_U       | ram_1p array  |           | 1    |      |        | MatB_40  | auto | 1       | 16, 200, 1       |
|   MatB_41_U       | ram_1p array  |           | 1    |      |        | MatB_41  | auto | 1       | 16, 200, 1       |
|   MatB_42_U       | ram_1p array  |           | 1    |      |        | MatB_42  | auto | 1       | 16, 200, 1       |
|   MatB_43_U       | ram_1p array  |           | 1    |      |        | MatB_43  | auto | 1       | 16, 200, 1       |
|   MatB_44_U       | ram_1p array  |           | 1    |      |        | MatB_44  | auto | 1       | 16, 200, 1       |
|   MatB_45_U       | ram_1p array  |           | 1    |      |        | MatB_45  | auto | 1       | 16, 200, 1       |
|   MatB_46_U       | ram_1p array  |           | 1    |      |        | MatB_46  | auto | 1       | 16, 200, 1       |
|   MatB_47_U       | ram_1p array  |           | 1    |      |        | MatB_47  | auto | 1       | 16, 200, 1       |
|   MatB_48_U       | ram_1p array  |           | 1    |      |        | MatB_48  | auto | 1       | 16, 200, 1       |
|   MatB_49_U       | ram_1p array  |           | 1    |      |        | MatB_49  | auto | 1       | 16, 200, 1       |
|   MatB_50_U       | ram_1p array  |           | 1    |      |        | MatB_50  | auto | 1       | 16, 200, 1       |
|   MatB_51_U       | ram_1p array  |           | 1    |      |        | MatB_51  | auto | 1       | 16, 200, 1       |
|   MatB_52_U       | ram_1p array  |           | 1    |      |        | MatB_52  | auto | 1       | 16, 200, 1       |
|   MatB_53_U       | ram_1p array  |           | 1    |      |        | MatB_53  | auto | 1       | 16, 200, 1       |
|   MatB_54_U       | ram_1p array  |           | 1    |      |        | MatB_54  | auto | 1       | 16, 200, 1       |
|   MatB_55_U       | ram_1p array  |           | 1    |      |        | MatB_55  | auto | 1       | 16, 200, 1       |
|   MatB_56_U       | ram_1p array  |           | 1    |      |        | MatB_56  | auto | 1       | 16, 200, 1       |
|   MatB_57_U       | ram_1p array  |           | 1    |      |        | MatB_57  | auto | 1       | 16, 200, 1       |
|   MatB_58_U       | ram_1p array  |           | 1    |      |        | MatB_58  | auto | 1       | 16, 200, 1       |
|   MatB_59_U       | ram_1p array  |           | 1    |      |        | MatB_59  | auto | 1       | 16, 200, 1       |
|   MatB_60_U       | ram_1p array  |           | 1    |      |        | MatB_60  | auto | 1       | 16, 200, 1       |
|   MatB_61_U       | ram_1p array  |           | 1    |      |        | MatB_61  | auto | 1       | 16, 200, 1       |
|   MatB_62_U       | ram_1p array  |           | 1    |      |        | MatB_62  | auto | 1       | 16, 200, 1       |
|   MatB_63_U       | ram_1p array  |           | 1    |      |        | MatB_63  | auto | 1       | 16, 200, 1       |
|   MatB_64_U       | ram_1p array  |           | 1    |      |        | MatB_64  | auto | 1       | 16, 200, 1       |
|   MatB_65_U       | ram_1p array  |           | 1    |      |        | MatB_65  | auto | 1       | 16, 200, 1       |
|   MatB_66_U       | ram_1p array  |           | 1    |      |        | MatB_66  | auto | 1       | 16, 200, 1       |
|   MatB_67_U       | ram_1p array  |           | 1    |      |        | MatB_67  | auto | 1       | 16, 200, 1       |
|   MatB_68_U       | ram_1p array  |           | 1    |      |        | MatB_68  | auto | 1       | 16, 200, 1       |
|   MatB_69_U       | ram_1p array  |           | 1    |      |        | MatB_69  | auto | 1       | 16, 200, 1       |
|   MatB_70_U       | ram_1p array  |           | 1    |      |        | MatB_70  | auto | 1       | 16, 200, 1       |
|   MatB_71_U       | ram_1p array  |           | 1    |      |        | MatB_71  | auto | 1       | 16, 200, 1       |
|   MatB_72_U       | ram_1p array  |           | 1    |      |        | MatB_72  | auto | 1       | 16, 200, 1       |
|   MatB_73_U       | ram_1p array  |           | 1    |      |        | MatB_73  | auto | 1       | 16, 200, 1       |
|   MatB_74_U       | ram_1p array  |           | 1    |      |        | MatB_74  | auto | 1       | 16, 200, 1       |
|   MatB_75_U       | ram_1p array  |           | 1    |      |        | MatB_75  | auto | 1       | 16, 200, 1       |
|   MatB_76_U       | ram_1p array  |           | 1    |      |        | MatB_76  | auto | 1       | 16, 200, 1       |
|   MatB_77_U       | ram_1p array  |           | 1    |      |        | MatB_77  | auto | 1       | 16, 200, 1       |
|   MatB_78_U       | ram_1p array  |           | 1    |      |        | MatB_78  | auto | 1       | 16, 200, 1       |
|   MatB_79_U       | ram_1p array  |           | 1    |      |        | MatB_79  | auto | 1       | 16, 200, 1       |
|   MatB_80_U       | ram_1p array  |           | 1    |      |        | MatB_80  | auto | 1       | 16, 200, 1       |
|   MatB_81_U       | ram_1p array  |           | 1    |      |        | MatB_81  | auto | 1       | 16, 200, 1       |
|   MatB_82_U       | ram_1p array  |           | 1    |      |        | MatB_82  | auto | 1       | 16, 200, 1       |
|   MatB_83_U       | ram_1p array  |           | 1    |      |        | MatB_83  | auto | 1       | 16, 200, 1       |
|   MatB_84_U       | ram_1p array  |           | 1    |      |        | MatB_84  | auto | 1       | 16, 200, 1       |
|   MatB_85_U       | ram_1p array  |           | 1    |      |        | MatB_85  | auto | 1       | 16, 200, 1       |
|   MatB_86_U       | ram_1p array  |           | 1    |      |        | MatB_86  | auto | 1       | 16, 200, 1       |
|   MatB_87_U       | ram_1p array  |           | 1    |      |        | MatB_87  | auto | 1       | 16, 200, 1       |
|   MatB_88_U       | ram_1p array  |           | 1    |      |        | MatB_88  | auto | 1       | 16, 200, 1       |
|   MatB_89_U       | ram_1p array  |           | 1    |      |        | MatB_89  | auto | 1       | 16, 200, 1       |
|   MatB_90_U       | ram_1p array  |           | 1    |      |        | MatB_90  | auto | 1       | 16, 200, 1       |
|   MatB_91_U       | ram_1p array  |           | 1    |      |        | MatB_91  | auto | 1       | 16, 200, 1       |
|   MatB_92_U       | ram_1p array  |           | 1    |      |        | MatB_92  | auto | 1       | 16, 200, 1       |
|   MatB_93_U       | ram_1p array  |           | 1    |      |        | MatB_93  | auto | 1       | 16, 200, 1       |
|   MatB_94_U       | ram_1p array  |           | 1    |      |        | MatB_94  | auto | 1       | 16, 200, 1       |
|   MatB_95_U       | ram_1p array  |           | 1    |      |        | MatB_95  | auto | 1       | 16, 200, 1       |
|   MatB_96_U       | ram_1p array  |           | 1    |      |        | MatB_96  | auto | 1       | 16, 200, 1       |
|   MatB_97_U       | ram_1p array  |           | 1    |      |        | MatB_97  | auto | 1       | 16, 200, 1       |
|   MatB_98_U       | ram_1p array  |           | 1    |      |        | MatB_98  | auto | 1       | 16, 200, 1       |
|   MatB_99_U       | ram_1p array  |           | 1    |      |        | MatB_99  | auto | 1       | 16, 200, 1       |
|   MatB_100_U      | ram_1p array  |           | 1    |      |        | MatB_100 | auto | 1       | 16, 200, 1       |
|   MatB_101_U      | ram_1p array  |           | 1    |      |        | MatB_101 | auto | 1       | 16, 200, 1       |
|   MatB_102_U      | ram_1p array  |           | 1    |      |        | MatB_102 | auto | 1       | 16, 200, 1       |
|   MatB_103_U      | ram_1p array  |           | 1    |      |        | MatB_103 | auto | 1       | 16, 200, 1       |
|   MatB_104_U      | ram_1p array  |           | 1    |      |        | MatB_104 | auto | 1       | 16, 200, 1       |
|   MatB_105_U      | ram_1p array  |           | 1    |      |        | MatB_105 | auto | 1       | 16, 200, 1       |
|   MatB_106_U      | ram_1p array  |           | 1    |      |        | MatB_106 | auto | 1       | 16, 200, 1       |
|   MatB_107_U      | ram_1p array  |           | 1    |      |        | MatB_107 | auto | 1       | 16, 200, 1       |
|   MatB_108_U      | ram_1p array  |           | 1    |      |        | MatB_108 | auto | 1       | 16, 200, 1       |
|   MatB_109_U      | ram_1p array  |           | 1    |      |        | MatB_109 | auto | 1       | 16, 200, 1       |
|   MatB_110_U      | ram_1p array  |           | 1    |      |        | MatB_110 | auto | 1       | 16, 200, 1       |
|   MatB_111_U      | ram_1p array  |           | 1    |      |        | MatB_111 | auto | 1       | 16, 200, 1       |
|   MatB_112_U      | ram_1p array  |           | 1    |      |        | MatB_112 | auto | 1       | 16, 200, 1       |
|   MatB_113_U      | ram_1p array  |           | 1    |      |        | MatB_113 | auto | 1       | 16, 200, 1       |
|   MatB_114_U      | ram_1p array  |           | 1    |      |        | MatB_114 | auto | 1       | 16, 200, 1       |
|   MatB_115_U      | ram_1p array  |           | 1    |      |        | MatB_115 | auto | 1       | 16, 200, 1       |
|   MatB_116_U      | ram_1p array  |           | 1    |      |        | MatB_116 | auto | 1       | 16, 200, 1       |
|   MatB_117_U      | ram_1p array  |           | 1    |      |        | MatB_117 | auto | 1       | 16, 200, 1       |
|   MatB_118_U      | ram_1p array  |           | 1    |      |        | MatB_118 | auto | 1       | 16, 200, 1       |
|   MatB_119_U      | ram_1p array  |           | 1    |      |        | MatB_119 | auto | 1       | 16, 200, 1       |
|   MatB_120_U      | ram_1p array  |           | 1    |      |        | MatB_120 | auto | 1       | 16, 200, 1       |
|   MatB_121_U      | ram_1p array  |           | 1    |      |        | MatB_121 | auto | 1       | 16, 200, 1       |
|   MatB_122_U      | ram_1p array  |           | 1    |      |        | MatB_122 | auto | 1       | 16, 200, 1       |
|   MatB_123_U      | ram_1p array  |           | 1    |      |        | MatB_123 | auto | 1       | 16, 200, 1       |
|   MatB_124_U      | ram_1p array  |           | 1    |      |        | MatB_124 | auto | 1       | 16, 200, 1       |
|   MatB_125_U      | ram_1p array  |           | 1    |      |        | MatB_125 | auto | 1       | 16, 200, 1       |
|   MatB_126_U      | ram_1p array  |           | 1    |      |        | MatB_126 | auto | 1       | 16, 200, 1       |
|   MatB_127_U      | ram_1p array  |           | 1    |      |        | MatB_127 | auto | 1       | 16, 200, 1       |
|   MatB_128_U      | ram_1p array  |           | 1    |      |        | MatB_128 | auto | 1       | 16, 200, 1       |
|   MatB_129_U      | ram_1p array  |           | 1    |      |        | MatB_129 | auto | 1       | 16, 200, 1       |
|   MatB_130_U      | ram_1p array  |           | 1    |      |        | MatB_130 | auto | 1       | 16, 200, 1       |
|   MatB_131_U      | ram_1p array  |           | 1    |      |        | MatB_131 | auto | 1       | 16, 200, 1       |
|   MatB_132_U      | ram_1p array  |           | 1    |      |        | MatB_132 | auto | 1       | 16, 200, 1       |
|   MatB_133_U      | ram_1p array  |           | 1    |      |        | MatB_133 | auto | 1       | 16, 200, 1       |
|   MatB_134_U      | ram_1p array  |           | 1    |      |        | MatB_134 | auto | 1       | 16, 200, 1       |
|   MatB_135_U      | ram_1p array  |           | 1    |      |        | MatB_135 | auto | 1       | 16, 200, 1       |
|   MatB_136_U      | ram_1p array  |           | 1    |      |        | MatB_136 | auto | 1       | 16, 200, 1       |
|   MatB_137_U      | ram_1p array  |           | 1    |      |        | MatB_137 | auto | 1       | 16, 200, 1       |
|   MatB_138_U      | ram_1p array  |           | 1    |      |        | MatB_138 | auto | 1       | 16, 200, 1       |
|   MatB_139_U      | ram_1p array  |           | 1    |      |        | MatB_139 | auto | 1       | 16, 200, 1       |
|   MatB_140_U      | ram_1p array  |           | 1    |      |        | MatB_140 | auto | 1       | 16, 200, 1       |
|   MatB_141_U      | ram_1p array  |           | 1    |      |        | MatB_141 | auto | 1       | 16, 200, 1       |
|   MatB_142_U      | ram_1p array  |           | 1    |      |        | MatB_142 | auto | 1       | 16, 200, 1       |
|   MatB_143_U      | ram_1p array  |           | 1    |      |        | MatB_143 | auto | 1       | 16, 200, 1       |
|   MatB_144_U      | ram_1p array  |           | 1    |      |        | MatB_144 | auto | 1       | 16, 200, 1       |
|   MatB_145_U      | ram_1p array  |           | 1    |      |        | MatB_145 | auto | 1       | 16, 200, 1       |
|   MatB_146_U      | ram_1p array  |           | 1    |      |        | MatB_146 | auto | 1       | 16, 200, 1       |
|   MatB_147_U      | ram_1p array  |           | 1    |      |        | MatB_147 | auto | 1       | 16, 200, 1       |
|   MatB_148_U      | ram_1p array  |           | 1    |      |        | MatB_148 | auto | 1       | 16, 200, 1       |
|   MatB_149_U      | ram_1p array  |           | 1    |      |        | MatB_149 | auto | 1       | 16, 200, 1       |
|   MatC_U          | ram_s2p array |           | 20   |      |        | MatC     | auto | 1       | 16, 20000, 1     |
+-------------------+---------------+-----------+------+------+--------+----------+------+---------+------------------+


================================================================
== Pragma Report
================================================================
* Valid Pragma Syntax
+-----------+------------------------------------------------------+--------------------------------------------------+
| Type      | Options                                              | Location                                         |
+-----------+------------------------------------------------------+--------------------------------------------------+
| interface | m_axi depth=1 port=MatA_DRAM offset=slave bundle=mem | src/real_matmul.cpp:15 in real_matmul, MatA_DRAM |
| interface | m_axi depth=1 port=MatB_DRAM offset=slave bundle=mem | src/real_matmul.cpp:16 in real_matmul, MatB_DRAM |
| interface | m_axi depth=1 port=MatC_DRAM offset=slave bundle=mem | src/real_matmul.cpp:17 in real_matmul, MatC_DRAM |
| interface | s_axilite port=return                                | src/real_matmul.cpp:19 in real_matmul, return    |
| pipeline  | II = 1                                               | src/real_matmul.cpp:57 in real_matmul            |
+-----------+------------------------------------------------------+--------------------------------------------------+


